// Vitest Snapshot v1, https://vitest.dev/guide/snapshot.html

exports[`App > renders 1`] = `
<div>
  <div>
    Books:
  </div>
</div>
`;

exports[`App > renders 2`] = `
<div>
  <div>
    Books:
    <div
      class="book"
    >
      <div>
         Title: 
        Book One
      </div>
      <div>
         Author: 
        Author One
      </div>
      <div>
         Description: 
        Description
      </div>
    </div>
  </div>
</div>
`;
